DJANGO DEPLOY METHOD BY SALI #############################################
pip install python-decouple //  read environment variable
https://pypi.org/project/python-decouple/

$ pip install dj-database-url
https://pypi.org/project/dj-database-url/

$ pip install whitenoise            // serve staticfiles
https://whitenoise.evans.io/en/stable/

$ pip install psycopg2-binary

create runtime.txt file
add python version

$ pip install gunicorn // for production

$ pip freeze > requirements.txt 

$ git init
$ git add .
$ git commit -m "initial commit"
$ git remote add origin https://github.com/JhondelCaranay/django-simpleApp-sali.git

$ git branch -M main
$ git push -u origin main
//update
$ git add .
$ git commit -m "initial commit 1"

HEROKU DEPLOY
# deployment method github
connect to github repository
activate automatic deploys

goto to setting setup config vars and add
SECRET_KEY=
DEBUG=True      // SET to False after successful deployment
DATABASE_URL=
DISABLE_COLLECTSTATIC=1


GENERATE SECRET_KEY
python command line
>>> import secrets
>>> secrets.token_hex()
'546905db20d6f3d8041126dfd96196c8089a1db3c783ec28084f51b321c3dbf7'

goto resource in heroku add heroku postgres create database

CLICK DEPLOY

// page will raise an error because we haven't run migrate

CLICK MORE ON TOP AND GOTO RUN ON CONSOLE
TYPE BASH
python manage.py migrate


UPDATE ON PRODUCTION

$ git add .
$ git commit -m "changed something"
$ git push


